2025-04-29 09:31:11,886 - INFO [ENV 0] - Logger for ENV 0 initialized, log path: ./train/result/train_shoot_selfplay.log
2025-04-29 09:32:35,585 - INFO [ENV 0] - Logger for ENV 0 initialized, log path: ./train/result/train_shoot_selfplay.log
2025-04-29 09:35:46,208 - INFO [ENV 0] - Logger for ENV 0 initialized, log path: ./train/result/train_shoot_selfplay.log
2025-04-29 09:37:21,186 - INFO [ENV 0] - Logger for ENV 0 initialized, log path: ./train/result/train_shoot_selfplay.log
2025-04-29 09:38:01,476 - INFO [ENV 0] - Logger for ENV 0 initialized, log path: ./train/result/train_shoot_selfplay.log
2025-04-29 09:39:39,520 - INFO [ENV 0] - Logger for ENV 0 initialized, log path: ./train/result/train_shoot_selfplay.log
2025-04-29 09:40:33,492 - INFO [ENV 0] - Logger for ENV 0 initialized, log path: ./train/result/train_shoot_selfplay.log
2025-04-29 09:43:21,853 - INFO [ENV 0] - Logger for ENV 0 initialized, log path: ./train/result/train_shoot_selfplay.log
2025-04-29 09:44:17,115 - INFO [ENV 0] - Logger for ENV 0 initialized, log path: ./train/result/train_shoot_selfplay.log
2025-04-29 09:49:24,142 - INFO [ENV 0] - Logger for ENV 0 initialized, log path: ./train/result/train_shoot_selfplay.log
2025-04-29 09:50:31,059 - INFO [ENV 0] - Logger for ENV 0 initialized, log path: ./train/result/train_shoot_selfplay.log
2025-04-29 09:54:17,442 - INFO [ENV 0] - Logger for ENV 0 initialized, log path: ./train/result/train_shoot_selfplay.log
2025-04-29 09:56:46,675 - INFO [ENV 0] - Logger for ENV 0 initialized, log path: ./train/result/train_shoot_selfplay.log
2025-04-29 10:00:28,686 - INFO [ENV 0] - Logger for ENV 0 initialized, log path: ./train/result/train_shoot_selfplay.log
2025-04-29 10:24:44,659 - INFO [ENV 0] - Logger for ENV 0 initialized, log path: ./train/result/train_shoot_selfplay.log
2025-04-29 10:31:19,931 - INFO [ENV 0] - Logger for ENV 0 initialized, log path: ./train/result/train_shoot_selfplay.log
2025-04-29 10:33:20,563 - INFO [ENV 0] - Logger for ENV 0 initialized, log path: ./train/result/train_shoot_selfplay.log
2025-04-29 10:37:31,908 - INFO [ENV 0] - Logger for ENV 0 initialized, log path: ./train/result/train_shoot_selfplay.log
2025-04-29 10:41:11,435 - CRITICAL [ENV 0] - A0100 step limits! Total Steps=1000
2025-04-29 10:41:11,436 - CRITICAL [ENV 0] - B0100 step limits! Total Steps=1000
2025-04-29 10:41:11,438 - INFO [ENV 0] - render_result: {'enm_distance': 6269.568080561725, 'enm_alt': 26765.525306525873, 'enm_lat': 59.94390723913937, 'enm_lon': 119.99100175986145, 'enm_speed': 815.406722539773, 'enm_heading': 135.0305694126596, 'ego_alt': 23926.954142554256, 'ego_lat': 60, 'ego_lon': 120, 'ego_speed': 957.1265480903155, 'ego_heading': 0, 'enm_angle': 184.60127444376803, 'success': False, 'reward': 1903.0473683003995, 'total_steps': 1000, 'state': {'my_lat': 120.0221878989047, 'my_lon': 59.758120343226295, 'my_alt': 10337.014342713243, 'my_x': -26991.216964889874, 'my_y': 1249.1273592237449, 'my_z': 10279.920222633858, 'my_vx': -81.4266574417481, 'my_vy': 246.57454652406147, 'my_vz': 7.7951496167672625, 'enemy_lat': 120.17571802682149, 'enemy_lon': 59.779068296760066, 'enemy_alt': 9378.295348783064, 'enemy_x': -24637.065584053216, 'enemy_y': 9884.82909708457, 'enemy_z': 9323.191314738033, 'enemy_vx': -222.94480756791413, 'enemy_vy': -87.35402437425861, 'enemy_vz': 64.33893725632086}}
2025-04-29 10:41:28,562 - CRITICAL [ENV 0] - A0100 step limits! Total Steps=1000
2025-04-29 10:41:28,562 - CRITICAL [ENV 0] - B0100 step limits! Total Steps=1000
2025-04-29 10:41:28,564 - INFO [ENV 0] - render_result: {'enm_distance': 2969.8627323168157, 'enm_alt': 14809.441328124612, 'enm_lat': 59.974286964028614, 'enm_lon': 119.98597037101736, 'enm_speed': 460.06208851514185, 'enm_heading': 339.74107030973687, 'ego_alt': 23622.457670641452, 'ego_lat': 60, 'ego_lon': 120, 'ego_speed': 573.3092528015944, 'ego_heading': 0, 'enm_angle': 195.2958800673826, 'success': False, 'reward': 2363.1962354551824, 'total_steps': 1000, 'state': {'my_lat': 120.65163015055317, 'my_lon': 59.98216244148418, 'my_alt': 10448.770810351789, 'my_x': -1811.1196053978892, 'my_y': 36439.19944056887, 'my_z': 10344.853248379528, 'my_vx': -255.66823397154917, 'my_vy': -84.08366442014054, 'my_vz': -22.443102828385705, 'enemy_lat': 120.59421678444647, 'enemy_lon': 60.01114491764651, 'enemy_alt': 9684.590644277207, 'enemy_x': 1392.6421664607942, 'enemy_y': 33195.75223806143, 'enemy_z': 9598.400313131126, 'enemy_vx': -127.75608106207117, 'enemy_vy': 267.36081868011416, 'enemy_vz': -32.1863082371555}}
2025-04-29 10:41:42,924 - CRITICAL [ENV 0] - A0100 altitude is too low. Total Steps=623
2025-04-29 10:41:42,924 - CRITICAL [ENV 0] - B0100 enemy killed himself! Total Steps=623
2025-04-29 10:41:42,926 - INFO [ENV 0] - render_result: {'enm_distance': 10242.128432269783, 'enm_alt': 14605.64746051173, 'enm_lat': 59.92296216231183, 'enm_lon': 119.89995825387788, 'enm_speed': 862.3649645148946, 'enm_heading': 177.26842826975135, 'ego_alt': 19231.302688944943, 'ego_lat': 60, 'ego_lon': 120, 'ego_speed': 886.7092172366055, 'ego_heading': 0, 'enm_angle': 213.11373173428083, 'success': False, 'reward': 927.0614509068901, 'total_steps': 623, 'state': {'my_lat': 119.9322125516152, 'my_lon': 59.95015407214261, 'my_alt': 2494.9838942780702, 'my_x': -5553.656117342833, 'my_y': -3789.705641940326, 'my_z': 2491.446366386299, 'my_vx': 109.83138435959795, 'my_vy': -149.70597593674316, 'my_vz': 60.26868393619345, 'enemy_lat': 119.90732223467462, 'enemy_lon': 59.91042092041474, 'enemy_alt': 5837.6644832753245, 'enemy_x': -9985.629535425418, 'enemy_y': -5190.125378236244, 'enemy_z': 5827.756842952963, 'enemy_vx': -256.22404143207257, 'enemy_vy': -42.093648091447534, 'enemy_vz': -5.781882827457139}}
2025-04-29 10:41:59,383 - CRITICAL [ENV 0] - A0100 step limits! Total Steps=1000
2025-04-29 10:41:59,384 - CRITICAL [ENV 0] - B0100 step limits! Total Steps=1000
2025-04-29 10:41:59,391 - INFO [ENV 0] - render_result: {'enm_distance': 10837.695148813933, 'enm_alt': 20812.011088675885, 'enm_lat': 59.90856298672517, 'enm_lon': 120.06618770889062, 'enm_speed': 700.6272050796565, 'enm_heading': 250.77437915958043, 'ego_alt': 16066.94532744441, 'ego_lat': 60, 'ego_lon': 120, 'ego_speed': 612.5423217648795, 'ego_heading': 0, 'enm_angle': 160.0182724809406, 'success': False, 'reward': 2167.0720884284046, 'total_steps': 1000, 'state': {'my_lat': 119.61241360545964, 'my_lon': 60.054256596323675, 'my_alt': 11281.902574298823, 'my_x': 6118.917051092106, 'my_y': -21629.830187589563, 'my_z': 11242.455651048145, 'my_vx': 16.29388667990107, 'my_vy': 269.46095825229764, 'my_vz': -42.6939384409506, 'enemy_lat': 119.37574082458536, 'enemy_lon': 60.022981002986555, 'enemy_alt': 11170.618441918079, 'enemy_x': 2729.361827376764, 'enemy_y': -34869.623223810464, 'enemy_z': 11075.123697225683, 'enemy_vx': 68.45952685723294, 'enemy_vy': -272.3819017309612, 'enemy_vz': -35.92387909737909}}
2025-04-29 10:42:51,520 - CRITICAL [ENV 0] - A0100 step limits! Total Steps=1000
2025-04-29 10:42:51,520 - CRITICAL [ENV 0] - B0100 step limits! Total Steps=1000
2025-04-29 10:42:51,525 - INFO [ENV 0] - render_result: {'enm_distance': 17197.805548144122, 'enm_alt': 20309.68435021716, 'enm_lat': 60.150981223705415, 'enm_lon': 119.93572047957014, 'enm_speed': 901.682609388187, 'enm_heading': 207.3062200720545, 'ego_alt': 21227.897513664368, 'ego_lat': 60, 'ego_lon': 120, 'ego_speed': 689.6750876631899, 'ego_heading': 0, 'enm_angle': 348.01764154222224, 'success': False, 'reward': 1602.1746471172953, 'total_steps': 1000, 'state': {'my_lat': 119.91298622851806, 'my_lon': 60.19242132333084, 'my_alt': 10630.660788480109, 'my_x': 21477.255148385106, 'my_y': -4835.168637931192, 'my_z': 10592.765700399676, 'my_vx': 11.103088166546655, 'my_vy': -207.53448761005527, 'my_vz': 6.08707379565701, 'enemy_lat': 119.83952796101207, 'enemy_lon': 60.13814480144033, 'enemy_alt': 10367.84343889095, 'enemy_x': 15427.004878496378, 'enemy_y': -8931.428821507097, 'enemy_z': 10343.004825517322, 'enemy_vx': -157.25381508391018, 'enemy_vy': 252.90669379003162, 'enemy_vz': -32.055704879195524}}
2025-04-29 10:43:48,253 - INFO [ENV 0] - A0100 launch mission! Total Steps=501, obs=[ 1.51065635  0.033321    0.9994447   0.18561908  0.98262178  0.74346894
 -0.00921152  0.02545505  0.5246379  -0.25905312  0.38861834  1.32427205
  1.05037436  0.78679478 -1.          0.          0.          0.
  0.          0.          0.        ], state=[ 1.19879553e+02  5.99156269e+01  7.55328176e+03 -9.40512326e+03
 -6.74600593e+03  7.54280695e+03 -1.78936408e+02  1.74584790e+02
 -3.85236409e+01  1.20001641e+02  5.99503971e+01  7.94190011e+03
 -5.53322436e+03  9.18031462e+01  7.93950430e+03  1.58804218e+02
  7.08256562e+00 -4.43845160e+01], current_reward=803.9154164739679
2025-04-29 10:49:53,552 - CRITICAL [ENV 0] - A0100 mission completed! Hit the enemy! Total Steps=708
2025-04-29 10:49:53,552 - CRITICAL [ENV 0] - B0100 has been shot down! Total Steps=708
2025-04-29 10:50:06,916 - INFO [ENV 0] - render_result: {'enm_distance': 14227.160246955833, 'enm_alt': 25051.96760731454, 'enm_lat': 59.87381110416909, 'enm_lon': 120.03902756824797, 'enm_speed': 425.881588265408, 'enm_heading': 167.96702249696577, 'ego_alt': 15088.211514529525, 'ego_lat': 60, 'ego_lon': 120, 'ego_speed': 948.5701827526173, 'ego_heading': 0, 'enm_angle': 171.1613894541636, 'success': True, 'reward': 1293.3111909331483, 'total_steps': 708, 'state': None}
2025-04-29 10:50:06,916 - INFO [ENV 0] - cumulative_reward_self: 555.2250596743195
2025-04-29 10:50:06,916 - INFO [ENV 0] - cumulative_reward_enemy: 0
2025-04-29 10:50:25,910 - CRITICAL [ENV 0] - A0100 step limits! Total Steps=1000
2025-04-29 10:50:25,911 - CRITICAL [ENV 0] - B0100 step limits! Total Steps=1000
2025-04-29 10:50:25,915 - INFO [ENV 0] - render_result: {'enm_distance': 3432.2485808092397, 'enm_alt': 27475.93966783643, 'enm_lat': 60.028315696111534, 'enm_lon': 119.97575927300387, 'enm_speed': 997.2302950836199, 'enm_heading': 127.65489285769786, 'ego_alt': 22007.729848483013, 'ego_lat': 60, 'ego_lon': 120, 'ego_speed': 541.6092521493964, 'ego_heading': 0, 'enm_angle': 336.811441255494, 'success': False, 'reward': 1739.7408626514343, 'total_steps': 1000, 'state': {'my_lat': 119.98427318453923, 'my_lon': 60.088823685584046, 'my_alt': 11898.51065999718, 'my_x': 9914.663093784344, 'my_y': -876.8314442811211, 'my_z': 11890.765371330966, 'my_vx': 89.6838319420064, 'my_vy': -211.96626603721032, 'my_vz': -24.309195002930608, 'enemy_lat': 120.13484565811021, 'enemy_lon': 60.011965478494304, 'enemy_alt': 10076.437820616782, 'enemy_x': 1342.8842476266414, 'enemy_y': 7533.516860513958, 'enemy_z': 10071.865863900279, 'enemy_vx': 245.50599333390946, 'enemy_vy': -149.37536454867947, 'enemy_vz': -10.27893119566721}}
2025-04-29 10:50:55,115 - CRITICAL [ENV 0] - A0100 step limits! Total Steps=1000
2025-04-29 10:50:55,115 - CRITICAL [ENV 0] - B0100 step limits! Total Steps=1000
2025-04-29 10:50:55,120 - INFO [ENV 0] - render_result: {'enm_distance': 14733.003324338604, 'enm_alt': 21129.41770295852, 'enm_lat': 59.87245424936435, 'enm_lon': 120.06958979624893, 'enm_speed': 683.6532844659973, 'enm_heading': 227.71165588336976, 'ego_alt': 20749.95979639666, 'ego_lat': 60, 'ego_lon': 120, 'ego_speed': 529.8257297330828, 'ego_heading': 0, 'enm_angle': 164.65803279341313, 'success': False, 'reward': 1775.3429462964432, 'total_steps': 1000, 'state': {'my_lat': 119.91803071617183, 'my_lon': 59.92591576294725, 'my_alt': 9915.101551817688, 'my_x': -8263.821534150718, 'my_y': -4591.215329410561, 'my_z': 9908.115017118933, 'my_vx': -232.38685907124028, 'my_vy': 40.06674303707425, 'my_vz': -1.2957060924787953, 'enemy_lat': 120.04205775500999, 'enemy_lon': 59.98384055419654, 'enemy_alt': 9514.018549250553, 'enemy_x': -1802.294454209613, 'enemy_y': 2351.4605549268736, 'enemy_z': 9513.332768164064, 'enemy_vx': 133.9658233029259, 'enemy_vy': -261.588158797809, 'enemy_vz': -19.11177043790545}}
2025-04-29 10:53:00,598 - INFO [ENV 0] - A0100 launch mission! Total Steps=283, obs=[ 1.7877485  -0.08681599  0.99622436  0.15599359  0.98775807  0.85487344
 -0.01086237  0.01266259  0.56912966 -0.29223857  0.19783736  1.95685821
  2.06717388  0.4515597  -1.          0.          0.          0.
  0.          0.          0.        ], state=[  120.11851103    60.09513429  8938.74248851 10619.95657208
  6603.1335114   8926.51615816   231.06069975   171.64203961
   -40.78740013   120.04017705    60.10538217  9136.57984367
 11758.4403174   2237.9386026   9125.37466508   137.649065
   128.63855729   -33.30647422], current_reward=627.8397692359774
2025-04-29 10:53:06,963 - CRITICAL [ENV 0] - A0100 mission failed! Did not hit enemy! Total Steps=517
2025-04-29 10:53:06,963 - INFO [ENV 0] - A0100 mission failed! Did not hit enemy! event reward=-0.75
2025-04-29 10:53:06,965 - INFO [ENV 0] - render_result: {'enm_distance': 11424.095673467602, 'enm_alt': 25408.46105866276, 'enm_lat': 60.098601162941634, 'enm_lon': 120.05627039517418, 'enm_speed': 726.7920655215007, 'enm_heading': 118.11129914496351, 'ego_alt': 22759.70882458281, 'ego_lat': 60, 'ego_lon': 120, 'ego_speed': 545.7335408916994, 'ego_heading': 0, 'enm_angle': 15.904197543495155, 'success': False, 'reward': 747.4568981707372, 'total_steps': 517, 'state': {'my_lat': 120.10317252848097, 'my_lon': 60.102423815435394, 'my_alt': 8715.952311568415, 'my_x': 11431.416609545591, 'my_y': 5747.04259894904, 'my_z': 8703.151523845447, 'my_vx': 74.49887180195324, 'my_vy': -195.48224843173634, 'my_vz': -26.669726812898276, 'enemy_lat': 120.00443420689024, 'enemy_lon': 60.12169528405065, 'enemy_alt': 7890.575148703266, 'enemy_x': 13575.233230041158, 'enemy_y': 246.82367260697447, 'enemy_z': 7876.1535471040515, 'enemy_vx': 42.16174167289981, 'enemy_vy': 220.70699493027112, 'enemy_vz': 40.57594764121238}}
2025-04-29 10:53:06,966 - INFO [ENV 0] - cumulative_reward_self: 152.86625395937605
2025-04-29 10:53:06,966 - INFO [ENV 0] - cumulative_reward_enemy: 0
