2025-03-20 17:47:39,911 - INFO [PID 26884]- init complete, log path: ./train/result/train_shoot.log
2025-03-20 17:47:40,183 - INFO [PID 28548]- init complete, log path: ./train/result/train_shoot.log
2025-03-20 17:47:40,381 - INFO [PID 28600]- init complete, log path: ./train/result/train_shoot.log
2025-03-20 17:47:40,452 - INFO [PID 20332]- init complete, log path: ./train/result/train_shoot.log
2025-03-20 17:47:40,570 - INFO [PID 2488]- init complete, log path: ./train/result/train_shoot.log
2025-03-20 17:47:40,662 - INFO [PID 23332]- init complete, log path: ./train/result/train_shoot.log
2025-03-20 17:47:40,782 - INFO [PID 24792]- init complete, log path: ./train/result/train_shoot.log
2025-03-20 17:47:40,850 - INFO [PID 13572]- init complete, log path: ./train/result/train_shoot.log
2025-03-20 17:47:40,939 - INFO [PID 6088]- init complete, log path: ./train/result/train_shoot.log
2025-03-20 17:47:41,029 - INFO [PID 26512]- init complete, log path: ./train/result/train_shoot.log
2025-03-20 17:47:41,087 - INFO [PID 26524]- init complete, log path: ./train/result/train_shoot.log
2025-03-20 17:47:41,238 - INFO [PID 28156]- init complete, log path: ./train/result/train_shoot.log
2025-03-20 17:47:41,401 - INFO [PID 6688]- init complete, log path: ./train/result/train_shoot.log
2025-03-20 17:47:41,441 - INFO [PID 10208]- init complete, log path: ./train/result/train_shoot.log
2025-03-20 17:47:41,478 - INFO [PID 9908]- init complete, log path: ./train/result/train_shoot.log
2025-03-20 17:47:41,554 - INFO [PID 27932]- init complete, log path: ./train/result/train_shoot.log
2025-03-20 17:47:42,473 - INFO [PID 26512]- A0100 launch mission! Total Steps=1
2025-03-20 17:47:42,490 - INFO [PID 26884]- A0100 launch mission! Total Steps=2
2025-03-20 17:47:45,161 - INFO [PID 28600]- A0100 launch mission! Total Steps=145
2025-03-20 17:47:45,270 - INFO [PID 28156]- A0100 launch mission! Total Steps=152
2025-03-20 17:47:45,582 - CRITICAL [PID 26884]- A0100 mission failed! Did not hit enemy! Total Steps=170
2025-03-20 17:47:45,590 - INFO [PID 26884]- render_result: {'enm_distance': 7659.259811458639, 'enm_angle': 318.5349837573936, 'enm_alt': 19215.95733474099, 'enm_speed': 964.5037021175223, 'enm_heading': 22.051014886706565, 'ego_alt': 23342.76122950791, 'ego_speed': 532.6330080926126, 'success': False, 'reward': -10.437003666344415, 'total_steps': 170, 'state': {'my_lat': 120.0242491296599, 'my_lon': 60.051282252395914, 'my_alt': 7053.843517465031, 'my_x': 5720.055985531468, 'my_y': 1352.497124816897, 'my_z': 7051.140670176698, 'my_vx': 147.29462544673478, 'my_vy': 120.31483634034302, 'my_vz': -15.263663331397744, 'enemy_lat': 120.05346890957544, 'enemy_lon': 60.116220624879766, 'enemy_alt': 4264.729219270725, 'enemy_x': 12958.364391110317, 'enemy_y': 2975.0768666044983, 'enemy_z': 4250.8937193323645, 'enemy_vx': 254.26439146708967, 'enemy_vy': 245.49263368387778, 'enemy_vz': 49.23708630523101}}
2025-03-20 17:47:46,492 - CRITICAL [PID 26512]- A0100 mission failed! Did not hit enemy! Total Steps=216
2025-03-20 17:47:46,494 - INFO [PID 26512]- render_result: {'enm_distance': 9217.068209935644, 'enm_angle': 315.88224086517397, 'enm_alt': 19534.521006022882, 'enm_speed': 564.7878766285409, 'enm_heading': 1.7449153161893172, 'ego_alt': 24635.487390005124, 'ego_speed': 511.14252251435903, 'success': False, 'reward': -13.10361709899957, 'total_steps': 216, 'state': {'my_lat': 120.01710083336886, 'my_lon': 60.06470537091015, 'my_alt': 7410.1819197722025, 'my_x': 7217.499117536539, 'my_y': 953.4662095036847, 'my_z': 7406.035398526217, 'my_vx': 187.54828487105496, 'my_vy': 20.036991550072504, 'my_vz': -4.159339540226097, 'enemy_lat': 119.9645041867119, 'enemy_lon': 60.144469851191175, 'enemy_alt': 4041.686888394374, 'enemy_x': 16106.597071197117, 'enemy_y': -1973.2707599154737, 'enemy_z': 4021.075663490633, 'enemy_vx': 329.81510522131725, 'enemy_vy': 86.50425671390653, 'enemy_vz': 50.342957981070874}}
2025-03-20 17:47:47,885 - CRITICAL [PID 28600]- A0100 mission completed! Hit the enemy! Total Steps=294
2025-03-20 17:47:47,885 - CRITICAL [PID 28600]- B0100 has been shot down! Total Steps=294
2025-03-20 17:47:47,888 - INFO [PID 28600]- render_result: {'enm_distance': 19766.18944536025, 'enm_angle': 0.8629134169928143, 'enm_alt': 28006.766456167177, 'enm_speed': 850.5970608476, 'enm_heading': 146.68984626893123, 'ego_alt': 28183.792577404056, 'ego_speed': 527.1807537229353, 'success': True, 'reward': 202.68318775606525, 'total_steps': 294, 'state': None}
2025-03-20 17:47:49,300 - CRITICAL [PID 28156]- A0100 mission failed! Did not hit enemy! Total Steps=365
2025-03-20 17:47:49,308 - INFO [PID 28156]- render_result: {'enm_distance': 15073.215684293817, 'enm_angle': 292.3760343437288, 'enm_alt': 22569.21255848958, 'enm_speed': 630.82973588249, 'enm_heading': 54.18602242895748, 'ego_alt': 27912.054393360813, 'ego_speed': 681.467519756023, 'success': False, 'reward': -2.6908443189011324, 'total_steps': 365, 'state': {'my_lat': 119.96540471165348, 'my_lon': 60.14728147357132, 'my_alt': 7938.166736463324, 'my_x': 16430.04044752867, 'my_y': -1924.2160614006452, 'my_z': 7916.7597387148335, 'my_vx': 275.0813947886408, 'my_vy': 15.181704537129987, 'my_vz': 10.457614168694693, 'enemy_lat': 119.85016918721988, 'enemy_lon': 60.19435496298317, 'enemy_alt': 4407.77492680378, 'enemy_x': 21678.179730429452, 'enemy_y': -8317.192241328123, 'enemy_z': 4365.585585627396, 'enemy_vx': 346.5157633253422, 'enemy_vy': -75.92449431685003, 'enemy_vz': 48.60152162314435}}
2025-03-20 17:47:49,978 - INFO [PID 28600]- A0100 launch mission! Total Steps=100
2025-03-20 17:47:51,338 - CRITICAL [PID 9908]- B0100 altitude is too low. Total Steps=456
2025-03-20 17:47:51,367 - CRITICAL [PID 9908]- A0100 enemy killed himself! Total Steps=457
2025-03-20 17:47:51,367 - CRITICAL [PID 9908]- B0100 altitude is too low. Total Steps=457
2025-03-20 17:47:51,376 - INFO [PID 9908]- render_result: {'enm_distance': 14506.508947178072, 'enm_angle': 239.78505319186337, 'enm_alt': 28463.15354276343, 'enm_speed': 585.3411035235906, 'enm_heading': 133.17839349174673, 'ego_alt': 29280.993162695435, 'ego_speed': 610.7441547641438, 'success': False, 'reward': -1.4518818808390035, 'total_steps': 457, 'state': {'my_lat': 120.10268878822343, 'my_lon': 60.182025751925885, 'my_alt': 8303.390287497676, 'my_x': 20310.960098510815, 'my_y': 5705.924899760219, 'my_z': 8268.57708425351, 'my_vx': 218.77937672102456, 'my_vy': 175.15824076361088, 'my_vz': 28.24630807831624, 'enemy_lat': 120.0098941099834, 'enemy_lon': 59.793309575243924, 'enemy_alt': 2474.585397631449, 'enemy_x': -23036.324864345428, 'enemy_y': 555.7464991441266, 'enemy_z': 2433.0105573028477, 'enemy_vx': -128.86074770123852, 'enemy_vy': 55.21113058366942, 'enemy_vz': 295.397576072869}}
2025-03-20 17:47:51,547 - CRITICAL [PID 13572]- B0100 altitude is too low. Total Steps=465
2025-03-20 17:47:51,564 - CRITICAL [PID 13572]- A0100 enemy killed himself! Total Steps=466
2025-03-20 17:47:51,564 - CRITICAL [PID 13572]- B0100 altitude is too low. Total Steps=466
2025-03-20 17:47:51,569 - INFO [PID 13572]- render_result: {'enm_distance': 18610.936468751956, 'enm_angle': 19.191768509758575, 'enm_alt': 27205.79444141069, 'enm_speed': 532.271200081832, 'enm_heading': 55.830480576567545, 'ego_alt': 25412.002618882285, 'ego_speed': 598.630280233369, 'success': False, 'reward': -0.2474278518556825, 'total_steps': 466, 'state': {'my_lat': 120.21917617622411, 'my_lon': 60.10727808466541, 'my_alt': 7615.921039734168, 'my_x': 11986.663767019872, 'my_y': 12204.903544827128, 'my_z': 7593.046273839181, 'my_vx': -54.74737645146249, 'my_vy': 268.92652220180054, 'my_vz': 6.803293152598427, 'enemy_lat': 120.44262262714744, 'enemy_lon': 60.243391951799886, 'enemy_alt': 2478.5651651544304, 'enemy_x': 27209.84668099211, 'enemy_y': 24525.959028671856, 'enemy_z': 2373.578033961001, 'enemy_vx': 37.1057590460395, 'enemy_vy': 168.97528492308234, 'enemy_vz': 259.59907395581035}}
2025-03-20 17:47:51,911 - CRITICAL [PID 20332]- B0100 altitude is too low. Total Steps=480
2025-03-20 17:47:51,929 - CRITICAL [PID 20332]- A0100 enemy killed himself! Total Steps=481
2025-03-20 17:47:51,929 - CRITICAL [PID 20332]- B0100 altitude is too low. Total Steps=481
2025-03-20 17:47:51,945 - INFO [PID 20332]- render_result: {'enm_distance': 18715.970972455973, 'enm_angle': 170.60257120436356, 'enm_alt': 23457.922387099414, 'enm_speed': 418.616452676038, 'enm_heading': 54.05745812114174, 'ego_alt': 21814.216556835818, 'ego_speed': 774.5540020103019, 'success': False, 'reward': -0.6830349438920151, 'total_steps': 481, 'state': {'my_lat': 119.9705117411555, 'my_lon': 60.17563511961241, 'my_alt': 6379.841214269731, 'my_x': 19588.063537868595, 'my_y': -1638.3483107628672, 'my_z': 6349.6080817595075, 'my_vx': 188.95275169515781, 'my_vy': -73.88518495733513, 'my_vz': 36.52002406347193, 'enemy_lat': 120.38181221852541, 'enemy_lon': 59.92172310046639, 'enemy_alt': 2484.097814116511, 'enemy_x': -8662.701604553324, 'enemy_y': 21363.57027621161, 'enemy_z': 2442.54706793587, 'enemy_vx': 21.944427103182612, 'enemy_vy': 214.04353842409188, 'enemy_vz': 168.46605450554938}}
2025-03-20 17:47:52,790 - INFO [PID 20332]- A0100 launch mission! Total Steps=38
2025-03-20 17:47:53,268 - CRITICAL [PID 26512]- B0100 altitude is too low. Total Steps=325
2025-03-20 17:47:53,295 - CRITICAL [PID 26512]- A0100 enemy killed himself! Total Steps=326
2025-03-20 17:47:53,295 - CRITICAL [PID 26512]- B0100 altitude is too low. Total Steps=326
2025-03-20 17:47:53,312 - INFO [PID 26512]- render_result: {'enm_distance': 10295.746759898648, 'enm_angle': 267.3434022491136, 'enm_alt': 26631.84020697519, 'enm_speed': 934.7670984032832, 'enm_heading': 28.995205419915443, 'ego_alt': 29448.480125656657, 'ego_speed': 763.6598602368906, 'success': False, 'reward': -0.2997260346516861, 'total_steps': 326, 'state': {'my_lat': 120.13215325636598, 'my_lon': 60.14927128375724, 'my_alt': 8454.455668620658, 'my_x': 16660.193083739712, 'my_y': 7350.606518388053, 'my_z': 8428.524379303366, 'my_vx': 272.96134365404464, 'my_vy': 171.5432121128591, 'my_vz': 5.986900592157766, 'enemy_lat': 119.98600289160396, 'enemy_lon': 60.103052824017176, 'enemy_alt': 2453.4173765485793, 'enemy_x': 11485.929981066009, 'enemy_y': -778.9070632766993, 'enemy_z': 2443.040489461043, 'enemy_vx': 46.868211976663325, 'enemy_vy': 62.599885918023816, 'enemy_vz': 340.3937952808793}}
2025-03-20 17:47:55,633 - CRITICAL [PID 26884]- B0100 altitude is too low. Total Steps=472
2025-03-20 17:47:55,664 - CRITICAL [PID 26884]- A0100 enemy killed himself! Total Steps=473
2025-03-20 17:47:55,665 - CRITICAL [PID 26884]- B0100 altitude is too low. Total Steps=473
2025-03-20 17:47:55,667 - INFO [PID 26884]- render_result: {'enm_distance': 13628.407416009235, 'enm_angle': 167.6962366795169, 'enm_alt': 25318.734872121397, 'enm_speed': 470.93000292012965, 'enm_heading': 14.403718377157432, 'ego_alt': 17119.53881493997, 'ego_speed': 718.0286213054425, 'success': False, 'reward': -0.5305151297111053, 'total_steps': 473, 'state': {'my_lat': 119.96752896345073, 'my_lon': 60.16439476394072, 'my_alt': 5170.231522997976, 'my_x': 18331.078317414955, 'my_y': -1804.3447281866993, 'my_z': 5143.678349003225, 'my_vx': 181.84869896077137, 'my_vy': -29.452878063441485, 'my_vz': 10.873120365621704, 'enemy_lat': 120.18856660360642, 'enemy_lon': 60.053941580371706, 'enemy_alt': 2479.1609404316428, 'enemy_x': 6027.088924824331, 'enemy_y': 10508.937120180439, 'enemy_z': 2467.684340191716, 'enemy_vx': 157.13000711844595, 'enemy_vy': 126.42989160495675, 'enemy_vz': 211.91040737097828}}
2025-03-20 17:47:55,753 - CRITICAL [PID 23332]- B0100 altitude is too low. Total Steps=647
2025-03-20 17:47:55,769 - CRITICAL [PID 23332]- A0100 enemy killed himself! Total Steps=648
2025-03-20 17:47:55,769 - CRITICAL [PID 23332]- B0100 altitude is too low. Total Steps=648
2025-03-20 17:47:55,776 - INFO [PID 23332]- render_result: {'enm_distance': 19645.516832926747, 'enm_angle': 53.242276994808925, 'enm_alt': 24310.515070605787, 'enm_speed': 568.5931138834139, 'enm_heading': 105.23588691205808, 'ego_alt': 27686.88542765953, 'ego_speed': 682.9552219967538, 'success': False, 'reward': -0.6771704921231088, 'total_steps': 648, 'state': {'my_lat': 120.03460220222546, 'my_lon': 60.333915654064214, 'my_alt': 7705.784553502912, 'my_x': 37248.45053284659, 'my_y': 1913.6157663344038, 'my_z': 7596.955232198365, 'my_vx': 296.9064088923056, 'my_vy': 105.26476907167073, 'my_vz': 13.361788015283468, 'enemy_lat': 120.69010996595807, 'enemy_lon': 59.982736616368, 'enemy_alt': 2485.729133330083, 'enemy_x': -1723.079789355318, 'enemy_y': 38542.2437250175, 'enemy_z': 2369.38050693862, 'enemy_vx': -154.82640784016758, 'enemy_vy': 46.71741679657711, 'enemy_vz': 263.80642157399353}}
2025-03-20 17:47:55,800 - INFO [PID 23332]- A0100 launch mission! Total Steps=1
2025-03-20 17:47:56,185 - CRITICAL [PID 6688]- B0100 altitude is too low. Total Steps=666
2025-03-20 17:47:56,202 - CRITICAL [PID 6688]- A0100 enemy killed himself! Total Steps=667
2025-03-20 17:47:56,202 - CRITICAL [PID 6688]- B0100 altitude is too low. Total Steps=667
2025-03-20 17:47:56,207 - INFO [PID 6688]- render_result: {'enm_distance': 17396.962265676637, 'enm_angle': 294.22058379080624, 'enm_alt': 21839.71266015504, 'enm_speed': 827.9316329166013, 'enm_heading': 176.50926912061968, 'ego_alt': 21207.791777111303, 'ego_speed': 973.765343299985, 'success': False, 'reward': -0.9224043620238456, 'total_steps': 667, 'state': {'my_lat': 119.84031455157273, 'my_lon': 60.350960813453895, 'my_alt': 6083.171419236356, 'my_x': 39150.057842262184, 'my_y': -8824.278187917747, 'my_z': 5957.148886667783, 'my_vx': 316.285938146068, 'my_vy': 17.898629668949418, 'my_vz': 13.210271058949335, 'enemy_lat': 119.60982282757419, 'enemy_lon': 59.81747236533991, 'enemy_alt': 2447.2939405847046, 'enemy_x': -20278.721896015406, 'enemy_y': -21899.915257023975, 'enemy_z': 2377.6060825704226, 'enemy_vx': -87.109367402865, 'enemy_vy': -76.1416230052425, 'enemy_vz': 310.54777431576775}}
2025-03-20 17:47:56,444 - CRITICAL [PID 20332]- A0100 mission completed! Hit the enemy! Total Steps=196
2025-03-20 17:47:56,444 - CRITICAL [PID 20332]- B0100 has been shot down! Total Steps=196
2025-03-20 17:47:56,452 - INFO [PID 20332]- render_result: {'enm_distance': 12847.855471153154, 'enm_angle': 355.6996515649566, 'enm_alt': 27698.428832010373, 'enm_speed': 949.683723866212, 'enm_heading': 155.118590383204, 'ego_alt': 21800.44987507844, 'ego_speed': 533.6626888916309, 'success': True, 'reward': 5.908887626106509, 'total_steps': 196, 'state': None}
2025-03-20 17:47:56,879 - CRITICAL [PID 28600]- A0100 mission failed! Did not hit enemy! Total Steps=401
2025-03-20 17:47:56,884 - INFO [PID 28600]- render_result: {'enm_distance': 14830.827053943183, 'enm_angle': 17.297887601884277, 'enm_alt': 27063.226880312643, 'enm_speed': 506.4914862481395, 'enm_heading': 138.630807291978, 'ego_alt': 25009.13756986687, 'ego_speed': 638.0962274537379, 'success': False, 'reward': -6.327357117568944, 'total_steps': 401, 'state': {'my_lat': 120.19383325419578, 'my_lon': 60.113088562157316, 'my_alt': 7150.924981884975, 'my_x': 12629.477747184923, 'my_y': 10790.994753421754, 'my_z': 7129.350145139479, 'my_vx': 150.7834071098258, 'my_vy': 220.238947875249, 'my_vz': 7.460674294051507, 'enemy_lat': 120.11541684746777, 'enemy_lon': 60.03843451532773, 'enemy_alt': 5387.717127173621, 'enemy_x': 4291.319432819982, 'enemy_y': 6438.2044703908805, 'enemy_z': 5383.037394473903, 'enemy_vx': 59.59554652392513, 'enemy_vy': 195.76613060091344, 'enemy_vz': 0.18212233916933335}}
2025-03-20 17:48:00,306 - CRITICAL [PID 9908]- B0100 altitude is too low. Total Steps=361
2025-03-20 17:48:00,331 - CRITICAL [PID 9908]- A0100 enemy killed himself! Total Steps=362
2025-03-20 17:48:00,331 - CRITICAL [PID 9908]- B0100 altitude is too low. Total Steps=362
2025-03-20 17:48:00,346 - INFO [PID 9908]- render_result: {'enm_distance': 18697.26411967573, 'enm_angle': 250.07266102716568, 'enm_alt': 21079.649104730735, 'enm_speed': 958.6180100861445, 'enm_heading': 51.56253591836211, 'ego_alt': 22792.608851763813, 'ego_speed': 734.7278716935893, 'success': False, 'reward': 0.23609871504184832, 'total_steps': 362, 'state': {'my_lat': 120.15305237639848, 'my_lon': 60.12226939654517, 'my_alt': 6723.973151104707, 'my_x': 13646.631122715518, 'my_y': 8517.726915332067, 'my_z': 6703.734347395465, 'my_vx': 142.1579829068287, 'my_vy': 219.94146254511702, 'my_vz': 6.29740339401574, 'enemy_lat': 119.94967890417014, 'enemy_lon': 60.00479548317842, 'enemy_alt': 2496.522433799842, 'enemy_x': 535.5530140460114, 'enemy_y': -2808.6066335578676, 'enemy_z': 2495.883388475343, 'enemy_vx': 18.98384561920587, 'enemy_vy': 116.87374019465086, 'enemy_vz': 308.18259963687314}}
2025-03-20 17:48:03,777 - CRITICAL [PID 23332]- A0100 mission failed! Did not hit enemy! Total Steps=265
2025-03-20 17:48:03,780 - INFO [PID 23332]- render_result: {'enm_distance': 8151.358549784973, 'enm_angle': 358.51494755506064, 'enm_alt': 20209.30170753019, 'enm_speed': 643.2826644780595, 'enm_heading': 12.75015113727697, 'ego_alt': 18032.48569333338, 'ego_speed': 870.6628355992609, 'success': False, 'reward': -22.12029011104895, 'total_steps': 265, 'state': {'my_lat': 119.99586948059516, 'my_lon': 60.11931542149441, 'my_alt': 5571.870528499362, 'my_x': 13304.925599325179, 'my_y': -229.85266801381613, 'my_z': 5558.012945550368, 'my_vx': 242.28648982763758, 'my_vy': 5.713156780698028, 'my_vz': 9.159863656307952, 'enemy_lat': 120.09685812870059, 'enemy_lon': 60.04001037341106, 'enemy_alt': 5015.096488124585, 'enemy_x': 4465.117142682979, 'enemy_y': 5402.387650397441, 'enemy_z': 5011.255667614503, 'enemy_vx': -0.8713976132129545, 'enemy_vy': -205.10560043733085, 'enemy_vz': 8.278424069875921}}
2025-03-20 17:48:03,980 - CRITICAL [PID 13572]- B0100 altitude is too low. Total Steps=455
2025-03-20 17:48:04,019 - CRITICAL [PID 13572]- A0100 enemy killed himself! Total Steps=456
2025-03-20 17:48:04,019 - CRITICAL [PID 13572]- B0100 altitude is too low. Total Steps=456
2025-03-20 17:48:04,028 - INFO [PID 13572]- render_result: {'enm_distance': 16192.096311249063, 'enm_angle': 286.62067114035705, 'enm_alt': 25047.75363703973, 'enm_speed': 410.2886694356076, 'enm_heading': 46.30755791901134, 'ego_alt': 17564.5947592225, 'ego_speed': 535.679405972523, 'success': False, 'reward': 16.191675477515876, 'total_steps': 456, 'state': {'my_lat': 120.09391213061916, 'my_lon': 60.12800496101243, 'my_alt': 5035.337449158535, 'my_x': 14276.410036304442, 'my_y': 5224.148446144653, 'my_z': 5017.253316995368, 'my_vx': 127.71176329526617, 'my_vy': 126.86468507947994, 'my_vz': 30.700181608132496, 'enemy_lat': 120.00920884389446, 'enemy_lon': 60.14991350544166, 'enemy_alt': 2481.6828793334753, 'enemy_x': 16708.90718158549, 'enemy_y': 511.72544370813466, 'enemy_z': 2459.8029722257725, 'enemy_vx': 72.4529117821457, 'enemy_vy': 210.15458228922023, 'enemy_vz': 161.9605257718596}}
2025-03-20 17:48:04,050 - INFO [PID 13572]- A0100 launch mission! Total Steps=1
2025-03-20 17:48:04,839 - INFO [PID 28600]- A0100 launch mission! Total Steps=256
2025-03-20 17:48:06,656 - CRITICAL [PID 26524]- A0100 step limits! Total Steps=1000
2025-03-20 17:48:06,656 - CRITICAL [PID 26524]- B0100 step limits! Total Steps=1000
2025-03-20 17:48:06,656 - CRITICAL [PID 28548]- A0100 step limits! Total Steps=1000
2025-03-20 17:48:06,656 - CRITICAL [PID 10208]- A0100 step limits! Total Steps=1000
2025-03-20 17:48:06,656 - CRITICAL [PID 28548]- B0100 step limits! Total Steps=1000
2025-03-20 17:48:06,657 - CRITICAL [PID 10208]- B0100 step limits! Total Steps=1000
2025-03-20 17:48:06,657 - CRITICAL [PID 2488]- A0100 step limits! Total Steps=1000
2025-03-20 17:48:06,657 - CRITICAL [PID 2488]- B0100 step limits! Total Steps=1000
2025-03-20 17:48:06,657 - CRITICAL [PID 24792]- A0100 step limits! Total Steps=1000
2025-03-20 17:48:06,658 - CRITICAL [PID 24792]- B0100 step limits! Total Steps=1000
2025-03-20 17:48:06,658 - CRITICAL [PID 6088]- A0100 step limits! Total Steps=1000
2025-03-20 17:48:06,658 - CRITICAL [PID 6088]- B0100 step limits! Total Steps=1000
2025-03-20 17:48:06,659 - CRITICAL [PID 27932]- A0100 step limits! Total Steps=1000
2025-03-20 17:48:06,659 - CRITICAL [PID 27932]- B0100 step limits! Total Steps=1000
2025-03-20 17:48:06,664 - INFO [PID 26524]- render_result: {'enm_distance': 10185.9491437413, 'enm_angle': 67.10628421936214, 'enm_alt': 19063.19078922552, 'enm_speed': 612.0825872065548, 'enm_heading': 150.34193413954893, 'ego_alt': 16868.498650360732, 'ego_speed': 811.1887690221242, 'success': False, 'reward': -3.0664831771770085, 'total_steps': 1000, 'state': {'my_lat': 120.46165483821181, 'my_lon': 60.2909854392266, 'my_alt': 5360.481298045001, 'my_x': 32536.316502910937, 'my_y': 25554.914655287026, 'my_z': 5226.609773129021, 'my_vx': 18.875299665300968, 'my_vy': 232.33291458992434, 'my_vz': -9.953412185104257, 'enemy_lat': 120.53577376036061, 'enemy_lon': 59.705025202066295, 'enemy_alt': 6162.351532210047, 'enemy_x': -32772.41069363851, 'enemy_y': 30190.540990836027, 'enemy_z': 6007.097933629746, 'enemy_vx': -186.86845344234217, 'enemy_vy': 103.01381404607267, 'enemy_vz': -7.890993522839646}}
2025-03-20 17:48:06,673 - INFO [PID 27932]- render_result: {'enm_distance': 9872.676752837242, 'enm_angle': 180.22685744488138, 'enm_alt': 19951.016169364924, 'enm_speed': 646.5365789535547, 'enm_heading': 105.92639286088148, 'ego_alt': 24419.677637881927, 'ego_speed': 674.1077553965681, 'success': False, 'reward': -3.4936775102850293, 'total_steps': 1000, 'state': {'my_lat': 120.21414746561885, 'my_lon': 60.455365487550345, 'my_alt': 6995.676704117981, 'my_x': 50809.22525570881, 'my_y': 11797.698291871418, 'my_z': 6782.819087920394, 'my_vx': 285.7406249021265, 'my_vy': 139.51649899933466, 'my_vz': 9.345463502522522, 'enemy_lat': 120.7279244492859, 'enemy_lon': 59.801860536769816, 'enemy_alt': 6409.6013925807065, 'enemy_x': -21871.948917314243, 'enemy_y': 40900.68178368422, 'enemy_z': 6241.484602128007, 'enemy_vx': -64.07632444579392, 'enemy_vy': 205.50685018710405, 'enemy_vz': -6.24645047439032}}
2025-03-20 17:48:06,673 - INFO [PID 6088]- render_result: {'enm_distance': 19910.458864697004, 'enm_angle': 17.11459232864142, 'enm_alt': 18710.42829642843, 'enm_speed': 549.0224838293653, 'enm_heading': 132.81176524177164, 'ego_alt': 28743.079918917174, 'ego_speed': 439.6714303010078, 'success': False, 'reward': -0.6487852944534611, 'total_steps': 1000, 'state': {'my_lat': 119.8918391104002, 'my_lon': 60.37408235033883, 'my_alt': 7133.206185009367, 'my_x': 41729.715668481556, 'my_y': -5973.764701818613, 'my_z': 6994.175084599414, 'my_vx': 270.56211686199873, 'my_vy': -150.4744170670769, 'my_vz': -27.160485265546683, 'enemy_lat': 120.64831163432852, 'enemy_lon': 59.91280329078965, 'enemy_alt': 5909.102884153748, 'enemy_x': -9545.833370929195, 'enemy_y': 36303.689756784755, 'enemy_z': 5799.0070653686835, 'enemy_vx': -147.43450262291114, 'enemy_vy': 152.25662312543642, 'enemy_vz': -11.074888887700556}}
2025-03-20 17:48:06,673 - INFO [PID 28548]- render_result: {'enm_distance': 18059.604161020674, 'enm_angle': 107.42972620746488, 'enm_alt': 15263.750046431116, 'enm_speed': 774.4227967336476, 'enm_heading': 108.17434966011636, 'ego_alt': 15235.247639961875, 'ego_speed': 856.0456079595267, 'success': False, 'reward': -0.8583876732220024, 'total_steps': 1000, 'state': {'my_lat': 119.96038827689034, 'my_lon': 60.34243310456945, 'my_alt': 4599.509687914494, 'my_x': 38180.167027270356, 'my_y': -2189.0252884215424, 'my_z': 4485.038459535734, 'my_vx': 144.0636910931552, 'my_vy': -116.24260565315302, 'my_vz': -2.2935305824278163, 'enemy_lat': 121.01633179731911, 'enemy_lon': 59.82910396908881, 'enemy_alt': 6222.909805779398, 'enemy_x': -18619.947474918896, 'enemy_y': 57056.03286571731, 'enemy_z': 5941.461066469634, 'enemy_vx': -70.13096453633598, 'enemy_vy': 199.6798642282306, 'enemy_vz': -1.0903060491153291}}
2025-03-20 17:48:06,673 - INFO [PID 10208]- render_result: {'enm_distance': 19903.488614038703, 'enm_angle': 207.46183682980617, 'enm_alt': 20881.33234347994, 'enm_speed': 543.8012854782878, 'enm_heading': 90.51700471058933, 'ego_alt': 20340.15093826143, 'ego_speed': 604.6792257425066, 'success': False, 'reward': -0.5992340066693481, 'total_steps': 1000, 'state': {'my_lat': 120.32246036098579, 'my_lon': 60.27671754269103, 'my_alt': 6263.522794170374, 'my_x': 30904.039730690143, 'my_y': 17860.19645903408, 'my_z': 6163.870319157408, 'my_vx': 127.92561402850104, 'my_vy': 140.9435936786022, 'my_vz': 12.023193920014268, 'enemy_lat': 120.58834890008961, 'enemy_lon': 59.82092712440248, 'enemy_alt': 6095.46539966788, 'enemy_x': -19822.76119365145, 'enemy_y': 33038.01276767856, 'enemy_z': 5979.444319574057, 'enemy_vx': -19.8665541661869, 'enemy_vy': 213.38086839494866, 'enemy_vz': -10.655153825222538}}
2025-03-20 17:48:06,673 - INFO [PID 2488]- render_result: {'enm_distance': 8970.346107873715, 'enm_angle': 73.59832345216056, 'enm_alt': 18791.189911390364, 'enm_speed': 770.1107551780365, 'enm_heading': 26.093103842366823, 'ego_alt': 23450.097548622623, 'ego_speed': 400.7976462564744, 'success': False, 'reward': -8.093804405880881, 'total_steps': 1000, 'state': {'my_lat': 119.70343706773288, 'my_lon': 60.23907968929465, 'my_alt': 6369.516392909155, 'my_x': 26700.25862948795, 'my_y': -16444.959042316565, 'my_z': 6292.606595857187, 'my_vx': -4.287229892697651, 'my_vy': -158.2876151813202, 'my_vz': -1.4076658149958976, 'enemy_lat': 120.51038237201772, 'enemy_lon': 60.36540104426026, 'enemy_alt': 6708.565196617181, 'enemy_x': 40862.5557937057, 'enemy_y': 28193.87269338346, 'enemy_z': 6515.823717703497, 'enemy_vx': 189.49454336409997, 'enemy_vy': 105.1569875667962, 'enemy_vz': -1.382957980996096}}
2025-03-20 17:48:06,802 - CRITICAL [PID 26512]- B0100 altitude is too low. Total Steps=461
2025-03-20 17:48:06,841 - CRITICAL [PID 26512]- A0100 enemy killed himself! Total Steps=462
2025-03-20 17:48:06,841 - CRITICAL [PID 26512]- B0100 altitude is too low. Total Steps=462
2025-03-20 17:48:06,844 - INFO [PID 26512]- render_result: {'enm_distance': 12505.415070742274, 'enm_angle': 187.7422117160196, 'enm_alt': 28395.783565450758, 'enm_speed': 555.5850480322595, 'enm_heading': 144.36233666367855, 'ego_alt': 15484.583485695304, 'ego_speed': 647.4838041059259, 'success': False, 'reward': -1.866586525748775, 'total_steps': 462, 'state': {'my_lat': 120.08567476553644, 'my_lon': 60.13351790383636, 'my_alt': 4768.199851324368, 'my_x': 14889.869653909904, 'my_y': 4764.924274940102, 'my_z': 4749.072990446542, 'my_vx': 65.93880643996522, 'my_vy': 159.13109863382923, 'my_vz': -2.98962907503404, 'enemy_lat': 120.14830113492023, 'enemy_lon': 59.72526414097019, 'enemy_alt': 2484.9614554426435, 'enemy_x': -30610.750953951043, 'enemy_y': 8346.952338123017, 'enemy_z': 2406.1482335235814, 'enemy_vx': -154.44229573537808, 'enemy_vy': 31.854791470545955, 'enemy_vz': 278.67859135933384}}
2025-03-20 17:48:07,615 - CRITICAL [PID 20332]- B0100 altitude is too low. Total Steps=351
2025-03-20 17:48:07,661 - CRITICAL [PID 20332]- A0100 enemy killed himself! Total Steps=352
2025-03-20 17:48:07,661 - CRITICAL [PID 20332]- B0100 altitude is too low. Total Steps=352
2025-03-20 17:48:07,665 - INFO [PID 20332]- render_result: {'enm_distance': 12048.916259840884, 'enm_angle': 18.752647788217093, 'enm_alt': 23914.27865480107, 'enm_speed': 884.4458034171628, 'enm_heading': 74.80417275297272, 'ego_alt': 24040.07390367736, 'ego_speed': 585.0463103194302, 'success': False, 'reward': -2.041064034550823, 'total_steps': 352, 'state': {'my_lat': 119.96003618100545, 'my_lon': 60.103009206716706, 'my_alt': 7340.659968763796, 'my_x': 11490.444859168309, 'my_y': -2225.5970055578355, 'my_z': 7329.943407526398, 'my_vx': 156.06102890303907, 'my_vy': -69.20460887284143, 'my_vz': 8.6871711410191, 'enemy_lat': 120.35023743742651, 'enemy_lon': 60.111335003099335, 'enemy_alt': 2493.1298891464144, 'enemy_x': 12460.604791503003, 'enemy_y': 19485.019981072153, 'enemy_z': 2451.296388826733, 'enemy_vx': -14.790734333442108, 'enemy_vy': 95.35197053362882, 'enemy_vz': 325.5405547827208}}
2025-03-20 17:48:10,823 - CRITICAL [PID 26884]- B0100 altitude is too low. Total Steps=481
2025-03-20 17:48:10,862 - CRITICAL [PID 26884]- A0100 enemy killed himself! Total Steps=482
2025-03-20 17:48:10,862 - CRITICAL [PID 26884]- B0100 altitude is too low. Total Steps=482
2025-03-20 17:48:10,864 - INFO [PID 26884]- render_result: {'enm_distance': 8489.237447345708, 'enm_angle': 176.10029616542886, 'enm_alt': 26781.107938560337, 'enm_speed': 634.5419539548097, 'enm_heading': 75.67159331089594, 'ego_alt': 18937.702776894956, 'ego_speed': 462.98348801190093, 'success': False, 'reward': -8.792635092159998, 'total_steps': 482, 'state': {'my_lat': 120.01839514518545, 'my_lon': 60.13571653121826, 'my_alt': 5834.923259274352, 'my_x': 15134.594840622494, 'my_y': 1023.1748820571497, 'my_z': 5816.916573766309, 'my_vx': 155.4848022163842, 'my_vy': 53.12597725360148, 'my_vz': -2.4997217591116097, 'enemy_lat': 120.38557420367269, 'enemy_lon': 59.94535126036761, 'enemy_alt': 2488.19820665313, 'enemy_x': -6028.066139316879, 'enemy_y': 21558.73829309689, 'enemy_z': 2449.0232332549754, 'enemy_vx': -20.134465598336977, 'enemy_vy': 125.79953463271885, 'enemy_vz': 303.38823335461564}}
2025-03-20 17:48:11,303 - CRITICAL [PID 28600]- A0100 mission failed! Did not hit enemy! Total Steps=451
2025-03-20 17:48:11,307 - INFO [PID 28600]- render_result: {'enm_distance': 14287.258343387448, 'enm_angle': 290.290814605935, 'enm_alt': 26730.54548748707, 'enm_speed': 887.1665473798855, 'enm_heading': 13.420912641538049, 'ego_alt': 19499.780163780983, 'ego_speed': 791.326569589969, 'success': False, 'reward': -0.009524037876821545, 'total_steps': 451, 'state': {'my_lat': 119.93169303646893, 'my_lon': 60.1823561369943, 'my_alt': 6027.406765661779, 'my_x': 20338.104404997077, 'my_y': -3794.105119309387, 'my_z': 5993.9136950674965, 'my_vx': 228.6758595873228, 'my_vy': -91.21381769816536, 'my_vz': 14.497957465107282, 'enemy_lat': 119.93710408885148, 'enemy_lon': 60.25424098564903, 'enemy_alt': 3402.1094248599175, 'enemy_x': 28342.777736816555, 'enemy_y': -3484.480952604683, 'enemy_z': 3338.2730238331096, 'enemy_vx': 334.5594400674878, 'enemy_vy': 109.75728409982023, 'enemy_vz': 55.57023562356995}}
2025-03-20 17:48:11,800 - CRITICAL [PID 13572]- A0100 mission failed! Did not hit enemy! Total Steps=244
2025-03-20 17:48:11,805 - INFO [PID 13572]- render_result: {'enm_distance': 7612.943866464614, 'enm_angle': 354.4806388785427, 'enm_alt': 22562.72508919969, 'enm_speed': 768.2118440719119, 'enm_heading': 121.50174258063284, 'ego_alt': 27142.34296460057, 'ego_speed': 690.1310507243281, 'success': False, 'reward': -22.100811252362707, 'total_steps': 244, 'state': {'my_lat': 120.0372364651298, 'my_lon': 60.09427449424052, 'my_alt': 8075.507278291181, 'my_x': 10517.279019736394, 'my_y': 2074.496886210166, 'my_z': 8066.51811544246, 'my_vx': 177.34901805990515, 'my_vy': 155.3700695111939, 'my_vz': 29.918607449199676, 'enemy_lat': 120.18078144406412, 'enemy_lon': 60.02215982168048, 'enemy_alt': 4868.366160871098, 'enemy_x': 2484.5469322778285, 'enemy_y': 10088.51639365573, 'enemy_z': 4859.930454486438, 'enemy_vx': -304.80884767375, 'enemy_vy': -44.474957145536656, 'enemy_vz': 50.31141783806164}}
2025-03-20 17:48:15,498 - CRITICAL [PID 28548]- B0100 altitude is too low. Total Steps=322
2025-03-20 17:48:15,513 - CRITICAL [PID 28548]- A0100 enemy killed himself! Total Steps=323
2025-03-20 17:48:15,513 - CRITICAL [PID 28548]- B0100 altitude is too low. Total Steps=323
2025-03-20 17:48:15,530 - INFO [PID 28548]- render_result: {'enm_distance': 14425.752649205215, 'enm_angle': 127.00816759248745, 'enm_alt': 29972.3118106535, 'enm_speed': 915.2411125731247, 'enm_heading': 88.25058271562996, 'ego_alt': 25317.055617412338, 'ego_speed': 526.3961433815716, 'success': False, 'reward': -1.3750230703865203, 'total_steps': 323, 'state': {'my_lat': 120.10519412270484, 'my_lon': 60.088771828553504, 'my_alt': 7281.523362640518, 'my_x': 9906.276484004087, 'my_y': 5860.762601124392, 'my_z': 7271.162688587327, 'my_vx': 127.18668464226289, 'my_vy': 168.98223677318322, 'my_vz': 8.57195116355535, 'enemy_lat': 120.47377221093204, 'enemy_lon': 59.9019767186578, 'enemy_alt': 2455.609132621345, 'enemy_x': -10830.139591585154, 'enemy_y': 26524.537214071985, 'enemy_z': 2391.431255025366, 'enemy_vx': -33.430896264825755, 'enemy_vy': 52.08094999852454, 'enemy_vz': 351.49162852894386}}
2025-03-20 17:48:15,983 - CRITICAL [PID 6088]- B0100 altitude is too low. Total Steps=343
2025-03-20 17:48:16,034 - CRITICAL [PID 6088]- A0100 enemy killed himself! Total Steps=344
2025-03-20 17:48:16,035 - CRITICAL [PID 6088]- B0100 altitude is too low. Total Steps=344
2025-03-20 17:48:16,044 - INFO [PID 6088]- render_result: {'enm_distance': 17630.42307462066, 'enm_angle': 83.51855014183663, 'enm_alt': 22690.32968091211, 'enm_speed': 992.3047817963244, 'enm_heading': 159.84188596121407, 'ego_alt': 19073.640638508514, 'ego_speed': 702.8320092229067, 'success': False, 'reward': -0.8539040238749858, 'total_steps': 344, 'state': {'my_lat': 120.00772106860227, 'my_lon': 60.11740234738097, 'my_alt': 5713.9970053713805, 'my_x': 13091.905329426936, 'my_y': 429.69186506103915, 'my_z': 5700.569476825748, 'my_vx': 194.35546637936096, 'my_vy': 29.93702242208859, 'my_vz': -15.56198974123356, 'enemy_lat': 120.36896781305856, 'enemy_lon': 59.87407423255581, 'enemy_alt': 2475.2365454179107, 'enemy_x': -13977.321400178736, 'enemy_y': 20674.454175341234, 'enemy_z': 2426.528970982493, 'enemy_vx': -108.76683473393672, 'enemy_vy': 1.50106873303772, 'enemy_vz': 318.671646162456}}
2025-03-20 17:48:16,374 - CRITICAL [PID 9908]- B0100 altitude is too low. Total Steps=536
2025-03-20 17:48:16,396 - CRITICAL [PID 9908]- A0100 enemy killed himself! Total Steps=537
2025-03-20 17:48:16,396 - CRITICAL [PID 9908]- B0100 altitude is too low. Total Steps=537
2025-03-20 17:48:16,398 - INFO [PID 9908]- render_result: {'enm_distance': 18831.970284585244, 'enm_angle': 118.09081755771174, 'enm_alt': 24837.518381024915, 'enm_speed': 710.6605261801114, 'enm_heading': 25.683789950221524, 'ego_alt': 29977.660443397523, 'ego_speed': 481.88785203238353, 'success': False, 'reward': -0.6483643533554986, 'total_steps': 537, 'state': {'my_lat': 120.02674748035261, 'my_lon': 60.198387686509676, 'my_alt': 8386.109683525649, 'my_x': 22132.45308487265, 'my_y': 1485.5101342274138, 'my_z': 8347.61958953341, 'my_vx': 283.9855691031387, 'my_vy': 78.88964632142091, 'my_vz': 9.359938344714378, 'enemy_lat': 120.5406517693523, 'enemy_lon': 60.08564408391791, 'enemy_alt': 2443.5820321116153, 'enemy_x': 9668.509144031315, 'enemy_y': 30101.41275806007, 'enemy_z': 2365.436920242674, 'enemy_vx': 57.15613924207325, 'enemy_vy': 96.81159627528882, 'enemy_vz': 312.6687525449801}}
2025-03-20 17:48:16,620 - CRITICAL [PID 28156]- A0100 step limits! Total Steps=1000
2025-03-20 17:48:16,620 - CRITICAL [PID 28156]- B0100 step limits! Total Steps=1000
2025-03-20 17:48:16,630 - INFO [PID 28156]- render_result: {'enm_distance': 7624.2967063262095, 'enm_angle': 75.6698879771299, 'enm_alt': 19653.528747092216, 'enm_speed': 724.9863807765207, 'enm_heading': 65.60624476611036, 'ego_alt': 25258.98933859191, 'ego_speed': 620.8272301390356, 'success': False, 'reward': -13.183254109352694, 'total_steps': 1000, 'state': {'my_lat': 120.31268274455985, 'my_lon': 60.43516608206251, 'my_alt': 7004.401338611386, 'my_x': 48577.917909740325, 'my_y': 17236.825477713995, 'my_z': 6796.559621293276, 'my_vx': 290.27913528117296, 'my_vy': 136.29973808661043, 'my_vz': 16.78226737326019, 'enemy_lat': 120.8416451017258, 'enemy_lon': 60.1700170031891, 'enemy_alt': 6681.846146680311, 'enemy_x': 19259.523378203332, 'enemy_y': 46769.76103004407, 'enemy_z': 6481.953521760703, 'enemy_vx': 81.37242109451999, 'enemy_vy': 201.04936642246076, 'enemy_vz': -3.0430567982788634}}
2025-03-20 17:48:19,934 - CRITICAL [PID 28600]- B0100 altitude is too low. Total Steps=345
2025-03-20 17:48:19,974 - CRITICAL [PID 28600]- A0100 enemy killed himself! Total Steps=346
2025-03-20 17:48:19,975 - CRITICAL [PID 28600]- B0100 altitude is too low. Total Steps=346
2025-03-20 17:48:19,977 - INFO [PID 28600]- render_result: {'enm_distance': 19923.390359633348, 'enm_angle': 320.47026964483445, 'enm_alt': 23324.351578114194, 'enm_speed': 918.3769816285949, 'enm_heading': 8.139395272498216, 'ego_alt': 19075.48087120987, 'ego_speed': 924.6643601723201, 'success': False, 'reward': 1.526594276061957, 'total_steps': 346, 'state': {'my_lat': 119.85638671120995, 'my_lon': 60.16090800729003, 'my_alt': 5616.803425828975, 'my_x': 17951.76241256042, 'my_y': -7981.671795341679, 'my_z': 5586.606267737416, 'my_vx': 289.55915920280046, 'my_vy': -97.09829926176018, 'my_vz': 9.976734929252714, 'enemy_lat': 119.86286489195277, 'enemy_lon': 60.27146025350576, 'enemy_alt': 2476.6720438568295, 'enemy_x': 30264.122472422365, 'enemy_y': -7592.295070903714, 'enemy_z': 2400.453274932868, 'enemy_vx': 89.15817740409183, 'enemy_vy': 52.10351983529624, 'enemy_vz': 321.457219264458}}
2025-03-20 17:48:20,909 - CRITICAL [PID 26524]- B0100 altitude is too low. Total Steps=520
2025-03-20 17:48:20,942 - CRITICAL [PID 26524]- A0100 enemy killed himself! Total Steps=521
2025-03-20 17:48:20,942 - CRITICAL [PID 26524]- B0100 altitude is too low. Total Steps=521
2025-03-20 17:48:20,957 - INFO [PID 26524]- render_result: {'enm_distance': 19419.180254119216, 'enm_angle': 102.9223453362721, 'enm_alt': 25035.819249689237, 'enm_speed': 716.127355961627, 'enm_heading': 126.50078804278526, 'ego_alt': 23679.6669930298, 'ego_speed': 438.8729538526738, 'success': False, 'reward': -0.6830030328487676, 'total_steps': 521, 'state': {'my_lat': 120.07171391381677, 'my_lon': 60.14941192764114, 'my_alt': 6538.033196071575, 'my_x': 16665.705902250258, 'my_y': 3987.650970290866, 'my_z': 6515.058308153779, 'my_vx': 175.6786581793272, 'my_vy': -14.341933283459682, 'my_vz': -8.887195428620414, 'enemy_lat': 120.6104242859735, 'enemy_lon': 59.81435574836748, 'enemy_alt': 2459.217518510494, 'enemy_x': -20532.614568284724, 'enemy_y': 34264.85336917829, 'enemy_z': 2334.4331004645574, 'enemy_vx': -101.94297944012789, 'enemy_vy': 40.334975187803714, 'enemy_vz': 315.0171403278715}}
2025-03-20 17:48:21,347 - CRITICAL [PID 27932]- B0100 altitude is too low. Total Steps=533
2025-03-20 17:48:21,377 - CRITICAL [PID 27932]- A0100 enemy killed himself! Total Steps=534
2025-03-20 17:48:21,377 - CRITICAL [PID 27932]- B0100 altitude is too low. Total Steps=534
2025-03-20 17:48:21,380 - INFO [PID 27932]- render_result: {'enm_distance': 11652.562776684574, 'enm_angle': 60.06228339542364, 'enm_alt': 25361.609226306442, 'enm_speed': 558.0963141198288, 'enm_heading': 140.61704702174933, 'ego_alt': 21988.03934563019, 'ego_speed': 997.9481379373813, 'success': False, 'reward': -2.422879153433993, 'total_steps': 534, 'state': {'my_lat': 119.9462875957473, 'my_lon': 60.290177693998494, 'my_alt': 6426.357493043581, 'my_x': 32363.690280572242, 'my_y': -2973.851721081346, 'my_z': 6343.708943274909, 'my_vx': 286.98695746464944, 'my_vy': 130.41693517075552, 'my_vz': -11.590651771724966, 'enemy_lat': 120.38588299725998, 'enemy_lon': 59.873265856548606, 'enemy_alt': 2484.06987674565, 'enemy_x': -14062.028245951118, 'enemy_y': 21622.807057290487, 'enemy_z': 2432.0409278948255, 'enemy_vx': -161.00057697554195, 'enemy_vy': 19.333819219898217, 'enemy_vz': 265.3602895171066}}
2025-03-20 17:48:22,321 - CRITICAL [PID 26884]- B0100 altitude is too low. Total Steps=437
2025-03-20 17:48:22,350 - CRITICAL [PID 26884]- A0100 enemy killed himself! Total Steps=438
2025-03-20 17:48:22,350 - CRITICAL [PID 26884]- B0100 altitude is too low. Total Steps=438
2025-03-20 17:48:22,353 - INFO [PID 26884]- render_result: {'enm_distance': 16023.051612006506, 'enm_angle': 171.07060349681794, 'enm_alt': 28934.509322867576, 'enm_speed': 438.72419258115957, 'enm_heading': 31.11677251528589, 'ego_alt': 27781.69617135005, 'ego_speed': 423.3839818267819, 'success': False, 'reward': -0.6433484322910868, 'total_steps': 438, 'state': {'my_lat': 119.98833906888004, 'my_lon': 60.137612132104564, 'my_alt': 8047.158744289443, 'my_x': 15351.213154024024, 'my_y': -648.7912632060215, 'my_z': 8028.690573819804, 'my_vx': 199.957425238098, 'my_vy': 107.21389522497685, 'my_vz': -16.70901581748863, 'enemy_lat': 120.26347932688796, 'enemy_lon': 59.997337408363066, 'enemy_alt': 2480.7398272544683, 'enemy_x': -267.47142093892785, 'enemy_y': 14708.980785349084, 'enemy_z': 2463.8227893691537, 'enemy_vx': 103.70183366154093, 'enemy_vy': 186.00888447657096, 'enemy_vz': 204.71022924996012}}
2025-03-20 17:48:22,425 - INFO [PID 26884]- A0100 launch mission! Total Steps=2
2025-03-20 17:48:25,693 - CRITICAL [PID 26512]- B0100 altitude is too low. Total Steps=662
2025-03-20 17:48:25,723 - CRITICAL [PID 26512]- A0100 enemy killed himself! Total Steps=663
2025-03-20 17:48:25,723 - CRITICAL [PID 26512]- B0100 altitude is too low. Total Steps=663
2025-03-20 17:48:25,724 - CRITICAL [PID 6688]- A0100 step limits! Total Steps=1000
2025-03-20 17:48:25,724 - CRITICAL [PID 6688]- B0100 step limits! Total Steps=1000
2025-03-20 17:48:25,726 - INFO [PID 26512]- render_result: {'enm_distance': 6573.42250945521, 'enm_angle': 144.94526856746387, 'enm_alt': 24296.366906638963, 'enm_speed': 641.5988396154589, 'enm_heading': 56.822397114334905, 'ego_alt': 16519.260025866148, 'ego_speed': 611.4280396087424, 'success': False, 'reward': -14.975902540644878, 'total_steps': 663, 'state': {'my_lat': 120.22879357211964, 'my_lon': 60.166879309070296, 'my_alt': 5116.864916162271, 'my_x': 18629.50020973102, 'my_y': 12712.461354591947, 'my_z': 5077.075843209292, 'my_vx': 49.80281909934986, 'my_vy': 178.75555895763506, 'my_vz': 13.266965463533554, 'enemy_lat': 120.53335934069459, 'enemy_lon': 60.030734687331986, 'enemy_alt': 2486.711950996015, 'enemy_x': 3545.4623621920446, 'enemy_y': 29744.97647631368, 'enemy_z': 2416.569598601546, 'enemy_vx': -44.455783696688904, 'enemy_vy': 130.73603874813506, 'enemy_vz': 289.87145539245546}}
2025-03-20 17:48:25,737 - INFO [PID 6688]- render_result: {'enm_distance': 19941.878677779034, 'enm_angle': 172.3166439718969, 'enm_alt': 14387.363542247884, 'enm_speed': 922.81020892329, 'enm_heading': 179.491609420998, 'ego_alt': 22018.40884224069, 'ego_speed': 493.10687444055236, 'success': False, 'reward': -0.6145284647720425, 'total_steps': 1000, 'state': {'my_lat': 119.86879029881291, 'my_lon': 60.35393603390451, 'my_alt': 6413.8669383155375, 'my_x': 39480.44442553869, 'my_y': -7250.414904215466, 'my_z': 6287.79448119846, 'my_vx': 243.11585538518506, 'my_vy': -60.18779936703891, 'my_vz': 23.743557926143612, 'enemy_lat': 119.97734913152766, 'enemy_lon': 59.44363817476544, 'enemy_alt': 6443.425244958482, 'enemy_x': -62044.2762839542, 'enemy_y': -1286.374600885567, 'enemy_z': 6142.063267585625, 'enemy_vx': -209.71804628274842, 'enemy_vy': -30.778480032199667, 'enemy_vz': 3.007905097596798}}
2025-03-20 17:48:30,550 - CRITICAL [PID 9908]- B0100 altitude is too low. Total Steps=450
2025-03-20 17:48:30,593 - CRITICAL [PID 9908]- A0100 enemy killed himself! Total Steps=451
2025-03-20 17:48:30,593 - CRITICAL [PID 9908]- B0100 altitude is too low. Total Steps=451
2025-03-20 17:48:30,610 - INFO [PID 9908]- render_result: {'enm_distance': 16262.592331952681, 'enm_angle': 224.58355590656788, 'enm_alt': 28780.93595915404, 'enm_speed': 531.9066717437709, 'enm_heading': 84.99097354731418, 'ego_alt': 29821.314761139743, 'ego_speed': 851.8616432675008, 'success': False, 'reward': -0.9995851726578933, 'total_steps': 451, 'state': {'my_lat': 120.0041987072716, 'my_lon': 60.232589159769596, 'my_alt': 8474.855818097216, 'my_x': 25948.0886686241, 'my_y': 232.94971199860083, 'my_z': 8422.183742050454, 'my_vx': 246.9280787659032, 'my_vy': -197.23276808593596, 'my_vz': 2.4038744818639333, 'enemy_lat': 120.15898963466397, 'enemy_lon': 59.88863145692487, 'enemy_alt': 2478.4523506753567, 'enemy_x': -12401.82856601246, 'enemy_y': 8904.861306542582, 'enemy_z': 2460.2114565860556, 'enemy_vx': -63.68800691077272, 'enemy_vy': 155.22633085760015, 'enemy_vz': 269.09428089327747}}
2025-03-20 17:48:31,414 - CRITICAL [PID 26884]- A0100 mission failed! Did not hit enemy! Total Steps=265
2025-03-20 17:48:31,428 - INFO [PID 26884]- render_result: {'enm_distance': 8177.063317530214, 'enm_angle': 16.27903378077271, 'enm_alt': 22005.008657825154, 'enm_speed': 966.9843477266435, 'enm_heading': 86.37795806905167, 'ego_alt': 28069.167396488672, 'ego_speed': 916.9923297663472, 'success': False, 'reward': -21.14183037932939, 'total_steps': 265, 'state': {'my_lat': 120.04518080641205, 'my_lon': 60.13540499148249, 'my_alt': 8346.44930208218, 'my_x': 15106.504721859372, 'my_y': 2514.056821575587, 'my_z': 8328.104308266915, 'my_vx': 302.6731741782939, 'my_vy': 47.66178523260411, 'my_vz': -1.1582702835676615, 'enemy_lat': 120.12922735974794, 'enemy_lon': 59.988783768974265, 'enemy_alt': 4610.218750162143, 'enemy_x': -1243.4775077004738, 'enemy_y': 7218.522280246548, 'enemy_z': 4606.026105523631, 'enemy_vx': 108.62807995930375, 'enemy_vy': -261.04657272062167, 'enemy_vz': -2.3280388783539734}}
2025-03-20 17:48:32,285 - CRITICAL [PID 6088]- B0100 altitude is too low. Total Steps=507
2025-03-20 17:48:32,325 - CRITICAL [PID 6088]- A0100 enemy killed himself! Total Steps=508
2025-03-20 17:48:32,326 - CRITICAL [PID 6088]- B0100 altitude is too low. Total Steps=508
2025-03-20 17:48:32,328 - INFO [PID 6088]- render_result: {'enm_distance': 13762.778150225597, 'enm_angle': 30.56551694577111, 'enm_alt': 23291.4649254084, 'enm_speed': 447.27145281353444, 'enm_heading': 29.70759649319181, 'ego_alt': 22536.8190821862, 'ego_speed': 583.8337095490403, 'success': False, 'reward': -1.2404502712360608, 'total_steps': 508, 'state': {'my_lat': 120.03968849760903, 'my_lon': 60.17636046390827, 'my_alt': 6310.040535416276, 'my_x': 19669.039765106976, 'my_y': 2204.994143524209, 'my_z': 6279.38819880888, 'my_vx': 216.63314764950388, 'my_vy': 106.25024906189495, 'my_vz': -1.3341757063055038, 'enemy_lat': 120.37251482734729, 'enemy_lon': 60.2570462094684, 'enemy_alt': 2480.7465026486993, 'enemy_x': 28707.787051476254, 'enemy_y': 20632.724252693923, 'enemy_z': 2382.9437622006135, 'enemy_vx': 87.12092965326084, 'enemy_vy': 185.49416765170716, 'enemy_vz': 192.75314569599487}}
2025-03-20 17:48:35,015 - CRITICAL [PID 23332]- A0100 step limits! Total Steps=1000
2025-03-20 17:48:35,015 - CRITICAL [PID 23332]- B0100 step limits! Total Steps=1000
2025-03-20 17:48:35,030 - INFO [PID 23332]- render_result: {'enm_distance': 9264.653505317365, 'enm_angle': 226.0002514833123, 'enm_alt': 17509.55581039071, 'enm_speed': 727.5323837600333, 'enm_heading': 102.31453196285686, 'ego_alt': 28684.47748342781, 'ego_speed': 948.2368091967796, 'success': False, 'reward': -3.8055666442423073, 'total_steps': 1000, 'state': {'my_lat': 120.71669011412963, 'my_lon': 60.41799724476487, 'my_alt': 8319.043221051077, 'my_x': 46845.9325344588, 'my_y': 39536.09310809852, 'my_z': 8025.30431446794, 'my_vx': 210.9102533028192, 'my_vy': 242.1870393408824, 'my_vz': 0.2879569378832939, 'enemy_lat': 120.61784056802212, 'enemy_lon': 59.85694984664998, 'enemy_alt': 6363.272932882878, 'enemy_x': -15791.410106915013, 'enemy_y': 34658.01615972439, 'enemy_z': 6249.924492947626, 'enemy_vx': -49.61659048589148, 'enemy_vy': 207.93782338101306, 'enemy_vz': -3.0194768368748}}
2025-03-20 17:48:35,970 - CRITICAL [PID 26524]- B0100 altitude is too low. Total Steps=419
2025-03-20 17:48:36,003 - CRITICAL [PID 26524]- A0100 enemy killed himself! Total Steps=420
2025-03-20 17:48:36,003 - CRITICAL [PID 26524]- B0100 altitude is too low. Total Steps=420
2025-03-20 17:48:36,017 - INFO [PID 26524]- render_result: {'enm_distance': 11530.369206476174, 'enm_angle': 309.09432694965153, 'enm_alt': 27143.618563821117, 'enm_speed': 734.3775154949847, 'enm_heading': 74.17218654605169, 'ego_alt': 17588.07465236555, 'ego_speed': 755.9037988619552, 'success': False, 'reward': 0.09086984438237966, 'total_steps': 420, 'state': {'my_lat': 120.05037733909693, 'my_lon': 60.17044170584572, 'my_alt': 5417.168084502859, 'my_x': 19006.699334498262, 'my_y': 2798.9524353421293, 'my_z': 5388.284011897573, 'my_vx': 196.57901126756155, 'my_vy': 104.2042587998789, 'my_vz': 10.200510322881776, 'enemy_lat': 120.16330712546235, 'enemy_lon': 60.08423859191831, 'enemy_alt': 2488.1857978050384, 'enemy_x': 9400.151719899517, 'enemy_y': 9092.886176945376, 'enemy_z': 2474.8045410302525, 'enemy_vx': -11.363588387458261, 'enemy_vy': 85.99773946262222, 'enemy_vz': 332.5158287793189}}
2025-03-20 17:48:37,573 - CRITICAL [PID 6688]- B0100 altitude is too low. Total Steps=324
2025-03-20 17:48:37,599 - CRITICAL [PID 6688]- A0100 enemy killed himself! Total Steps=325
2025-03-20 17:48:37,599 - CRITICAL [PID 6688]- B0100 altitude is too low. Total Steps=325
2025-03-20 17:48:37,602 - INFO [PID 6688]- render_result: {'enm_distance': 6894.323121993908, 'enm_angle': 208.9425728392176, 'enm_alt': 27015.50366539768, 'enm_speed': 929.8023736409701, 'enm_heading': 92.72791089025338, 'ego_alt': 27553.858109237808, 'ego_speed': 760.1607666692199, 'success': False, 'reward': -14.2420398938571, 'total_steps': 325, 'state': {'my_lat': 120.14733079298644, 'my_lon': 60.08826249349555, 'my_alt': 8456.938742925266, 'my_x': 9855.757662907408, 'my_y': 8209.985328580855, 'my_z': 8444.076703268747, 'my_vx': 15.923019861767381, 'my_vy': 259.92015539414564, 'my_vz': -12.424694211614353, 'enemy_lat': 120.2063386247916, 'enemy_lon': 59.916893847308586, 'enemy_alt': 2479.611683260828, 'enemy_x': -9244.574748965832, 'enemy_y': 11547.0116360037, 'enemy_z': 2462.4980795022043, 'enemy_vx': -35.37922125197479, 'enemy_vy': 68.15915425029635, 'enemy_vz': 341.58910096707683}}
2025-03-20 17:48:37,861 - CRITICAL [PID 2488]- A0100 step limits! Total Steps=1000
2025-03-20 17:48:37,861 - CRITICAL [PID 2488]- B0100 step limits! Total Steps=1000
2025-03-20 17:48:37,862 - CRITICAL [PID 24792]- A0100 step limits! Total Steps=1000
2025-03-20 17:48:37,862 - CRITICAL [PID 10208]- A0100 step limits! Total Steps=1000
2025-03-20 17:48:37,862 - CRITICAL [PID 24792]- B0100 step limits! Total Steps=1000
2025-03-20 17:48:37,862 - CRITICAL [PID 10208]- B0100 step limits! Total Steps=1000
2025-03-20 17:48:37,873 - INFO [PID 24792]- render_result: {'enm_distance': 7134.215036347605, 'enm_angle': 247.26714979544448, 'enm_alt': 14934.577465542845, 'enm_speed': 641.3879465558524, 'enm_heading': 40.81484647183404, 'ego_alt': 23016.326063276203, 'ego_speed': 791.8841305927006, 'success': False, 'reward': -11.76111709312869, 'total_steps': 1000, 'state': {'my_lat': 120.74526602449717, 'my_lon': 60.25601202550535, 'my_alt': 6191.850296317569, 'my_x': 28783.648729743472, 'my_y': 41302.91718466388, 'my_z': 5993.750978086124, 'my_vx': 173.63867752452876, 'my_vy': 253.54638072427778, 'my_vz': 2.435341043321625, 'enemy_lat': 120.36930948953488, 'enemy_lon': 60.25369863900292, 'enemy_alt': 5839.47309472518, 'enemy_x': 28348.583301420513, 'enemy_y': 20468.020103687042, 'enemy_z': 5743.854430651654, 'enemy_vx': 157.0028812786113, 'enemy_vy': 138.19373825548197, 'enemy_vz': -7.3930100495818305}}
2025-03-20 17:48:37,873 - INFO [PID 2488]- render_result: {'enm_distance': 14915.678523718516, 'enm_angle': 196.9495443836064, 'enm_alt': 19573.063320632325, 'enm_speed': 415.8323285552572, 'enm_heading': 9.950498258046139, 'ego_alt': 17550.926033241853, 'ego_speed': 727.9065678671884, 'success': False, 'reward': -0.6913963953287474, 'total_steps': 1000, 'state': {'my_lat': 119.82717044576208, 'my_lon': 60.350426046958745, 'my_alt': 4842.520958060011, 'my_x': 39084.654652923564, 'my_y': -9548.929347595642, 'my_z': 4715.834107332583, 'my_vx': 182.90799793155176, 'my_vy': -39.15337867794842, 'my_vz': 3.268146831015409, 'enemy_lat': 120.1533566579567, 'enemy_lon': 60.21998563726869, 'enemy_alt': 5401.554340598381, 'enemy_x': 24540.052789592926, 'enemy_y': 8507.596796715075, 'enemy_z': 5348.769689584435, 'enemy_vx': 192.2861490448452, 'enemy_vy': 87.8345202739524, 'enemy_vz': -15.485630676055711}}
2025-03-20 17:48:37,874 - INFO [PID 10208]- render_result: {'enm_distance': 14341.184528546857, 'enm_angle': 161.0326704561412, 'enm_alt': 21953.80622844865, 'enm_speed': 707.457913160752, 'enm_heading': 170.25536595003683, 'ego_alt': 28171.0657483778, 'ego_speed': 478.1362998184988, 'success': False, 'reward': -1.510050169587437, 'total_steps': 1000, 'state': {'my_lat': 120.16098564387349, 'my_lon': 60.41335491934687, 'my_alt': 7812.575666496089, 'my_x': 46121.03380783263, 'my_y': 8881.529547666445, 'my_z': 7640.005613981888, 'my_vx': 273.78506736978846, 'my_vy': 141.93185630548643, 'my_vz': 6.800593054063902, 'enemy_lat': 120.11619063993794, 'enemy_lon': 59.492019210745205, 'enemy_alt': 6185.278928959233, 'enemy_x': -56641.41197816512, 'enemy_y': 6588.93534252694, 'enemy_z': 5930.824846416635, 'enemy_vx': -178.53352674659402, 'enemy_vy': -135.72297252171774, 'enemy_vz': 96.57319086785104}}
2025-03-20 17:48:38,854 - CRITICAL [PID 20332]- A0100 step limits! Total Steps=1000
2025-03-20 17:48:38,854 - CRITICAL [PID 20332]- B0100 step limits! Total Steps=1000
2025-03-20 17:48:38,882 - INFO [PID 20332]- render_result: {'enm_distance': 12402.88894095254, 'enm_angle': 78.2823105009295, 'enm_alt': 18589.00803504276, 'enm_speed': 751.9578397677375, 'enm_heading': 123.14218370208296, 'ego_alt': 18780.19326080348, 'ego_speed': 978.2913171721896, 'success': False, 'reward': -2.144616260189142, 'total_steps': 1000, 'state': {'my_lat': 120.50687086045879, 'my_lon': 60.41611513815181, 'my_alt': 6007.94807227698, 'my_x': 46512.112776594455, 'my_y': 27953.3344598166, 'my_z': 5777.612293971306, 'my_vx': 261.66109261143833, 'my_vy': 143.46125282475384, 'my_vz': -27.217003708421945, 'enemy_lat': 120.85158616699576, 'enemy_lon': 59.807121633555965, 'enemy_alt': 6608.227336534936, 'enemy_x': -21202.995415627196, 'enemy_y': 47842.47026065308, 'enemy_z': 6394.246999637243, 'enemy_vx': -123.76666141524667, 'enemy_vy': 176.8755346756808, 'enemy_vz': -2.066606951437328}}
