2025-08-20 10:52:24,433 - INFO [ENV 0] - Logger for ENV 0 initialized, log path: ./train/result/train_shoot_static_solo3.log
2025-08-20 10:53:13,173 - INFO [ENV 0] - Logger for ENV 0 initialized, log path: ./train/result/train_shoot_static_solo3.log
2025-08-20 10:55:05,342 - INFO [ENV 0] - A0100 launch mission! Total Steps=36, obs=[ 1.59187557  0.27993148  0.96001998 -0.02182233  0.99976186  0.93354417
 -0.01236952  0.01716374  0.66093501 -0.04886925  0.06167478  0.04879444
  1.57202387  2.78198137 -1.          0.          0.          0.
  0.          0.          0.        ], state=[ 1.20000612e+02  6.00198814e+01  7.95937785e+03  2.21779338e+03
  3.41500881e+01  7.95899298e+03  3.17124695e+02  1.00390107e+01
  1.13505343e+01  1.20000000e+02  6.02692646e+01  8.02105263e+03
  3.00375848e+04 -3.63797881e-12  7.95047040e+03  3.05114798e-14
  3.00789474e+02  7.24962408e-15], current_reward=0.0
2025-08-20 10:55:57,779 - INFO [ENV 0] - [MISS] d=5960.3 m (~6.00 km binned), shape=0.697, add=0.523, miss_r=-0.227
2025-08-20 10:56:15,846 - INFO [ENV 0] - render_result: {'enm_distance': 30000, 'enm_alt': 26315.78947368421, 'enm_lat': 60.26926459981188, 'enm_lon': 120.0, 'enm_speed': 986.8421052631579, 'enm_heading': 90, 'ego_alt': 26315.78947368421, 'ego_lat': 60, 'ego_lon': 120, 'ego_speed': 986.8421052631579, 'ego_heading': 0, 'enm_angle': 0, 'success': False, 'reward': -22.720553702594447, 'total_steps': 337}
2025-08-20 10:56:15,846 - CRITICAL [ENV 0] - [Episode #336] Result: both_alive
2025-08-20 10:56:45,317 - INFO [ENV 0] - A0100 launch mission! Total Steps=43, obs=[ 1.58952638e+00  2.02026960e-01  9.79379961e-01  4.37618891e-04
  9.99999904e-01  9.41676169e-01 -4.97261428e-03  2.17355308e-02
  6.67830717e-01 -5.70012464e-02  7.34207202e-02  4.98594432e-02
  1.57269221e+00  2.73741596e+00 -1.00000000e+00  0.00000000e+00
  0.00000000e+00  0.00000000e+00  0.00000000e+00  0.00000000e+00
  0.00000000e+00], state=[ 1.20000930e+02  6.00238767e+01  7.94763191e+03  2.66347462e+03
  5.18981481e+01  7.94707673e+03  3.19887684e+02  1.38730312e+01
  6.75601893e+00  1.20000000e+02  6.02692646e+01  8.02105263e+03
  3.00375848e+04 -3.63797881e-12  7.95047040e+03  3.05114798e-14
  3.00789474e+02  7.24962408e-15], current_reward=0.0
2025-08-20 10:57:42,101 - INFO [ENV 0] - Logger for ENV 0 initialized, log path: ./train/result/train_shoot_static_solo3.log
2025-08-20 10:57:44,769 - INFO [ENV 0] - A0100 launch mission! Total Steps=35, obs=[ 1.59231159 -0.03356734  0.99943646 -0.0164251   0.9998651   0.93141723
 -0.0160904   0.01447072  0.65917694 -0.0467423   0.05949466  0.04581634
  1.57195036  2.78831693 -1.          0.          0.          0.
  0.          0.          0.        ], state=[ 1.20000576e+02  6.00193134e+01  7.96155797e+03  2.15443610e+03
  3.21780756e+01  7.96119477e+03  3.16450329e+02  9.72613025e+00
  1.03017542e+01  1.20000000e+02  6.02692646e+01  8.02105263e+03
  3.00375848e+04 -3.63797881e-12  7.95047040e+03  3.05114798e-14
  3.00789474e+02  7.24962408e-15], current_reward=0.0
2025-08-20 10:59:24,202 - INFO [ENV 0] - [MISS] d=5996.7 m (~6.00 km binned), shape=0.697, add=0.523, miss_r=-0.227
2025-08-20 10:59:36,957 - INFO [ENV 0] - render_result: {'enm_distance': 30000, 'enm_alt': 26315.78947368421, 'enm_lat': 60.26926459981188, 'enm_lon': 120.0, 'enm_speed': 986.8421052631579, 'enm_heading': 90, 'ego_alt': 26315.78947368421, 'ego_lat': 60, 'ego_lon': 120, 'ego_speed': 986.8421052631579, 'ego_heading': 0, 'enm_angle': 0, 'success': False, 'reward': -22.720553702594447, 'total_steps': 336}
2025-08-20 10:59:36,957 - CRITICAL [ENV 0] - [Episode #335] Result: both_alive
2025-08-20 11:00:14,468 - INFO [ENV 0] - A0100 launch mission! Total Steps=42, obs=[ 1.58980406  0.06361458  0.99797454  0.0038081   0.99999275  0.93994942
 -0.01196966  0.02469264  0.66651519 -0.0552745   0.07203232  0.04865084
  1.57258862  2.74380854 -1.          0.          0.          0.
  0.          0.          0.        ], state=[ 1.20000881e+02  6.00233036e+01  7.94902032e+03  2.59954353e+03
  4.91771355e+01  7.94849148e+03  3.19364647e+02  1.33713338e+01
  6.90254058e+00  1.20000000e+02  6.02692646e+01  8.02105263e+03
  3.00375848e+04 -3.63797881e-12  7.95047040e+03  3.05114798e-14
  3.00789474e+02  7.24962408e-15], current_reward=0.0
2025-08-20 11:12:54,833 - INFO [ENV 0] - Logger for ENV 0 initialized, log path: ./train/result/train_shoot_static_solo3.log
2025-08-20 11:12:57,623 - INFO [ENV 0] - A0100 launch mission! Total Steps=45, obs=[ 1.58909709e+00 -1.41274559e-01  9.89970454e-01  8.11721049e-04
  9.99999671e-01  9.42931425e-01 -8.91684503e-03  1.12309215e-02
  6.68780431e-01 -5.82565022e-02  7.55671706e-02  4.86793585e-02
  1.57291119e+00  2.72461319e+00 -1.00000000e+00  0.00000000e+00
  0.00000000e+00  0.00000000e+00  0.00000000e+00  0.00000000e+00
  0.00000000e+00], state=[ 1.20001032e+02  6.00250245e+01  7.94548546e+03  2.79151436e+03
  5.76217252e+01  7.94487559e+03  3.20284371e+02  1.44339624e+01
  3.94828483e+00  1.20000000e+02  6.02692646e+01  8.02105263e+03
  3.00375848e+04 -3.63797881e-12  7.95047040e+03  3.05114798e-14
  3.00789474e+02  7.24962408e-15], current_reward=0.0
2025-08-20 11:14:00,803 - INFO [ENV 0] - [MISS] d=5575.5 m (~5.70 km binned), shape=0.332, add=0.249, miss_r=-0.501
2025-08-20 11:14:22,244 - INFO [ENV 0] - render_result: {'enm_distance': 30000, 'enm_alt': 26315.78947368421, 'enm_lat': 60.26926459981188, 'enm_lon': 120.0, 'enm_speed': 986.8421052631579, 'enm_heading': 90, 'ego_alt': 26315.78947368421, 'ego_lat': 60, 'ego_lon': 120, 'ego_speed': 986.8421052631579, 'ego_heading': 0, 'enm_angle': 0, 'success': False, 'reward': -50.11408291261246, 'total_steps': 346}
2025-08-20 11:14:22,244 - CRITICAL [ENV 0] - [Episode #345] Result: both_alive
